{
    "query": {
        "bool": {
            "disable_coord": true,
            "should": [
                {
                    "term": {
                        "title.keyword": "L2-F1"
                    }
                },
                {
                    "match": {
                        "lexeme_forms.id": "L2-F1"
                    }
                },
                {
                    "bool": {
                        "filter": [
                            {
                                "bool": {
                                    "should": [
                                        {
                                            "match": {
                                                "all": {
                                                    "query": " L2-F1 ",
                                                    "operator": "AND"
                                                }
                                            }
                                        },
                                        {
                                            "match": {
                                                "all.plain": {
                                                    "query": " L2-F1 ",
                                                    "operator": "AND"
                                                }
                                            }
                                        }
                                    ]
                                }
                            }
                        ],
                        "should": [
                            {
                                "dis_max": {
                                    "tie_breaker": 0,
                                    "queries": [
                                        {
                                            "constant_score": {
                                                "filter": {
                                                    "match": {
                                                        "lemma.near_match": " L2-F1 "
                                                    }
                                                },
                                                "boost": 2
                                            }
                                        },
                                        {
                                            "constant_score": {
                                                "filter": {
                                                    "match": {
                                                        "lemma.near_match_folded": " L2-F1 "
                                                    }
                                                },
                                                "boost": 1.5
                                            }
                                        },
                                        {
                                            "constant_score": {
                                                "filter": {
                                                    "match": {
                                                        "lexeme_forms.representation.near_match": " L2-F1 "
                                                    }
                                                },
                                                "boost": 2
                                            }
                                        },
                                        {
                                            "constant_score": {
                                                "filter": {
                                                    "match": {
                                                        "lexeme_forms.representation.near_match_folded": " L2-F1 "
                                                    }
                                                },
                                                "boost": 1.5
                                            }
                                        }
                                    ]
                                }
                            },
                            {
                                "bool": {
                                    "should": [
                                        {
                                            "match": {
                                                "all": {
                                                    "query": " L2-F1 ",
                                                    "operator": "OR",
                                                    "boost": 0.1
                                                }
                                            }
                                        },
                                        {
                                            "match": {
                                                "all.plain": {
                                                    "query": " L2-F1 ",
                                                    "operator": "OR",
                                                    "boost": 0.1
                                                }
                                            }
                                        }
                                    ]
                                }
                            }
                        ]
                    }
                }
            ],
            "minimum_should_match": 1,
            "filter": [
                {
                    "terms": {
                        "namespace": [
                            146
                        ]
                    }
                }
            ]
        }
    },
    "rescore_query": [
        {
            "window_size": 8192,
            "query": {
                "query_weight": 1,
                "rescore_query_weight": 1,
                "score_mode": "total",
                "rescore_query": {
                    "function_score": {
                        "score_mode": "sum",
                        "functions": [
                            {
                                "script_score": {
                                    "script": {
                                        "source": "pow(doc['incoming_links'].value , 1) \/ ( pow(doc['incoming_links'].value, 1) + pow(100,1))",
                                        "lang": "expression"
                                    }
                                },
                                "weight": 0.4
                            },
                            {
                                "script_score": {
                                    "script": {
                                        "source": "pow(doc['statement_count'].value , 2) \/ ( pow(doc['statement_count'].value, 2) + pow(20,2))",
                                        "lang": "expression"
                                    }
                                },
                                "weight": 0.6
                            }
                        ]
                    }
                }
            }
        }
    ],
    "highlight": {
        "pre_tags": [
            ""
        ],
        "post_tags": [
            ""
        ],
        "fields": {
            "title": {
                "type": "experimental",
                "fragmenter": "none",
                "number_of_fragments": 0,
                "matched_fields": [
                    "title.keyword"
                ]
            },
            "lexeme_forms.id": {
                "type": "experimental",
                "fragmenter": "none",
                "number_of_fragments": 0,
                "options": {
                    "skip_if_last_matched": true
                }
            },
            "lemma": {
                "type": "experimental",
                "fragmenter": "none",
                "number_of_fragments": 0,
                "options": {
                    "skip_if_last_matched": true
                }
            },
            "lexeme_forms.representation": {
                "type": "experimental",
                "fragmenter": "none",
                "number_of_fragments": 30,
                "fragment_size": 1000,
                "options": {
                    "skip_if_last_matched": true
                }
            }
        }
    }
}